......
----------------------------------------------------------------------
Ran 6 tests in 0.468s

OK
